Java HotSpot(TM) 64-Bit Server VM (25.141-b15) for linux-amd64 JRE (1.8.0_141-b15), built on Jul 12 2017 04:21:34 by "java_re" with gcc 4.3.0 20080428 (Red Hat 4.3.0-8)
Memory: 4k page, physical 16302448k(10518076k free), swap 1048572k(1001980k free)
CommandLine flags: -XX:+CMSClassUnloadingEnabled -XX:CMSInitiatingOccupancyFraction=80 -XX:+ExplicitGCInvokesConcurrentAndUnloadsClasses -XX:InitialHeapSize=4294967296 -XX:+ManagementServer -XX:MaxHeapSize=4294967296 -XX:MaxNewSize=1073741824 -XX:MaxTenuringThreshold=10 -XX:NewSize=1073741824 -XX:OldPLABSize=16 -XX:ParallelGCThreads=3 -XX:+PrintGC -XX:+PrintGCDetails -XX:+PrintGCTimeStamps -XX:SurvivorRatio=16 -XX:+UseCMSInitiatingOccupancyOnly -XX:+UseCompressedClassPointers -XX:+UseCompressedOops -XX:+UseConcMarkSweepGC -XX:+UseParNewGC 
18.397: [GC (Allocation Failure) 18.397: [ParNew: 932096K->58240K(990336K), 0.2338764 secs] 932096K->96071K(4136064K), 0.2340029 secs] [Times: user=0.40 sys=0.06, real=0.24 secs] 
20.847: [GC (Allocation Failure) 20.847: [ParNew: 990336K->58240K(990336K), 0.3095390 secs] 1028167K->168185K(4136064K), 0.3096279 secs] [Times: user=0.39 sys=0.06, real=0.31 secs] 
23.172: [GC (CMS Initial Mark) [1 CMS-initial-mark: 109945K(3145728K)] 571733K(4136064K), 0.0932719 secs] [Times: user=0.18 sys=0.01, real=0.09 secs] 
23.265: [CMS-concurrent-mark-start]
23.329: [CMS-concurrent-mark: 0.064/0.064 secs] [Times: user=0.12 sys=0.00, real=0.06 secs] 
23.329: [CMS-concurrent-preclean-start]
23.336: [CMS-concurrent-preclean: 0.007/0.007 secs] [Times: user=0.02 sys=0.00, real=0.01 secs] 
23.336: [CMS-concurrent-abortable-preclean-start]
26.099: [GC (Allocation Failure) 26.099: [ParNew26.191: [CMS-concurrent-abortable-preclean: 2.206/2.855 secs] [Times: user=5.27 sys=0.15, real=2.86 secs] 
: 990336K->58240K(990336K), 0.1086035 secs] 1100281K->178646K(4136064K), 0.1086864 secs] [Times: user=0.17 sys=0.03, real=0.11 secs] 
26.215: [GC (CMS Final Remark) [YG occupancy: 85277 K (990336 K)]26.215: [Rescan (parallel) , 0.0267920 secs]26.242: [weak refs processing, 0.0000353 secs]26.242: [class unloading, 0.0078115 secs]26.250: [scrub symbol table, 0.0056546 secs]26.255: [scrub string table, 0.0013297 secs][1 CMS-remark: 120406K(3145728K)] 205683K(4136064K), 0.0428161 secs] [Times: user=0.07 sys=0.00, real=0.04 secs] 
26.259: [CMS-concurrent-sweep-start]
26.305: [CMS-concurrent-sweep: 0.026/0.046 secs] [Times: user=0.08 sys=0.01, real=0.05 secs] 
26.305: [CMS-concurrent-reset-start]
26.438: [CMS-concurrent-reset: 0.121/0.133 secs] [Times: user=0.17 sys=0.09, real=0.13 secs] 
359.087: [GC (Allocation Failure) 359.087: [ParNew: 990336K->56980K(990336K), 0.1790335 secs] 1038230K->145416K(4136064K), 0.1791344 secs] [Times: user=0.27 sys=0.04, real=0.18 secs] 
922.946: [GC (Allocation Failure) 922.946: [ParNew: 989076K->49820K(990336K), 0.1326581 secs] 1077512K->163196K(4136064K), 0.1327679 secs] [Times: user=0.20 sys=0.02, real=0.13 secs] 
1664.690: [GC (Allocation Failure) 1664.690: [ParNew: 981916K->58240K(990336K), 0.1199177 secs] 1095292K->188693K(4136064K), 0.1200243 secs] [Times: user=0.20 sys=0.02, real=0.12 secs] 
2412.572: [GC (Allocation Failure) 2412.572: [ParNew: 990336K->58240K(990336K), 0.1588444 secs] 1120789K->218307K(4136064K), 0.1589409 secs] [Times: user=0.21 sys=0.05, real=0.16 secs] 
3083.511: [GC (Allocation Failure) 3083.511: [ParNew: 990336K->58240K(990336K), 0.1698839 secs] 1150403K->249134K(4136064K), 0.1699949 secs] [Times: user=0.25 sys=0.03, real=0.17 secs] 
3858.149: [GC (Allocation Failure) 3858.150: [ParNew: 990336K->58240K(990336K), 0.1511597 secs] 1181230K->275261K(4136064K), 0.1512671 secs] [Times: user=0.22 sys=0.05, real=0.16 secs] 
4564.470: [GC (Allocation Failure) 4564.470: [ParNew: 990336K->58240K(990336K), 0.1452138 secs] 1207357K->297180K(4136064K), 0.1453270 secs] [Times: user=0.20 sys=0.04, real=0.15 secs] 
5374.636: [GC (Allocation Failure) 5374.636: [ParNew: 990336K->58240K(990336K), 0.1415933 secs] 1229276K->320324K(4136064K), 0.1417094 secs] [Times: user=0.20 sys=0.02, real=0.14 secs] 
6234.954: [GC (Allocation Failure) 6234.954: [ParNew: 990336K->58240K(990336K), 0.1538297 secs] 1252420K->343178K(4136064K), 0.1539482 secs] [Times: user=0.24 sys=0.02, real=0.15 secs] 
7014.230: [GC (Allocation Failure) 7014.230: [ParNew: 990336K->58240K(990336K), 0.1458288 secs] 1275274K->368275K(4136064K), 0.1459349 secs] [Times: user=0.22 sys=0.02, real=0.15 secs] 
7765.110: [GC (Allocation Failure) 7765.110: [ParNew: 990336K->58240K(990336K), 0.1735499 secs] 1300371K->400372K(4136064K), 0.1736570 secs] [Times: user=0.23 sys=0.05, real=0.18 secs] 
8672.736: [GC (Allocation Failure) 8672.736: [ParNew: 990336K->58240K(990336K), 0.1449991 secs] 1332468K->428834K(4136064K), 0.1451050 secs] [Times: user=0.22 sys=0.02, real=0.15 secs] 
9579.159: [GC (Allocation Failure) 9579.159: [ParNew: 990336K->58240K(990336K), 0.1261844 secs] 1360930K->450555K(4136064K), 0.1262961 secs] [Times: user=0.21 sys=0.01, real=0.13 secs] 
10603.453: [GC (Allocation Failure) 10603.453: [ParNew: 990336K->58240K(990336K), 0.1344836 secs] 1382651K->472545K(4136064K), 0.1346604 secs] [Times: user=0.20 sys=0.02, real=0.13 secs] 
11447.937: [GC (Allocation Failure) 11447.937: [ParNew: 990336K->58240K(990336K), 0.1352892 secs] 1404641K->497503K(4136064K), 0.1354006 secs] [Times: user=0.21 sys=0.03, real=0.14 secs] 
12423.237: [GC (Allocation Failure) 12423.237: [ParNew: 990336K->58240K(990336K), 0.1400827 secs] 1429599K->520716K(4136064K), 0.1401820 secs] [Times: user=0.22 sys=0.02, real=0.14 secs] 
13282.366: [GC (Allocation Failure) 13282.366: [ParNew: 990336K->58240K(990336K), 0.1548101 secs] 1452812K->545654K(4136064K), 0.1549381 secs] [Times: user=0.23 sys=0.02, real=0.16 secs] 
14064.826: [GC (Allocation Failure) 14064.826: [ParNew: 990336K->58240K(990336K), 0.1559156 secs] 1477750K->577395K(4136064K), 0.1560307 secs] [Times: user=0.22 sys=0.02, real=0.16 secs] 
14865.962: [GC (Allocation Failure) 14865.962: [ParNew: 990336K->58240K(990336K), 0.1521951 secs] 1509491K->600127K(4136064K), 0.1523254 secs] [Times: user=0.23 sys=0.04, real=0.15 secs] 
15580.662: [GC (Allocation Failure) 15580.662: [ParNew: 990336K->58240K(990336K), 0.1307066 secs] 1532223K->624241K(4136064K), 0.1308168 secs] [Times: user=0.22 sys=0.03, real=0.13 secs] 
16435.907: [GC (Allocation Failure) 16435.907: [ParNew: 990336K->58240K(990336K), 0.1333927 secs] 1556337K->643755K(4136064K), 0.1334939 secs] [Times: user=0.21 sys=0.02, real=0.13 secs] 
17279.748: [GC (Allocation Failure) 17279.748: [ParNew: 990336K->58240K(990336K), 0.1919074 secs] 1575851K->664447K(4136064K), 0.1920917 secs] [Times: user=0.31 sys=0.02, real=0.19 secs] 
18173.459: [GC (Allocation Failure) 18173.459: [ParNew: 990336K->58240K(990336K), 0.1632206 secs] 1596543K->685565K(4136064K), 0.1633624 secs] [Times: user=0.24 sys=0.05, real=0.17 secs] 
19081.542: [GC (Allocation Failure) 19081.542: [ParNew: 990336K->58240K(990336K), 0.1594532 secs] 1617661K->706942K(4136064K), 0.1595545 secs] [Times: user=0.23 sys=0.06, real=0.16 secs] 
19928.163: [GC (Allocation Failure) 19928.163: [ParNew: 990336K->58240K(990336K), 0.1636090 secs] 1639038K->729896K(4136064K), 0.1637342 secs] [Times: user=0.25 sys=0.05, real=0.16 secs] 
20841.968: [GC (Allocation Failure) 20841.968: [ParNew: 990336K->58240K(990336K), 0.1743412 secs] 1661992K->756910K(4136064K), 0.1744506 secs] [Times: user=0.25 sys=0.03, real=0.18 secs] 
21552.256: [GC (Allocation Failure) 21552.256: [ParNew: 990336K->58240K(990336K), 0.1526565 secs] 1689006K->781890K(4136064K), 0.1527586 secs] [Times: user=0.22 sys=0.05, real=0.15 secs] 
22403.550: [GC (Allocation Failure) 22403.550: [ParNew: 990336K->58240K(990336K), 0.1698437 secs] 1713986K->810723K(4136064K), 0.1699635 secs] [Times: user=0.24 sys=0.04, real=0.17 secs] 
23311.931: [GC (Allocation Failure) 23311.931: [ParNew: 990336K->58240K(990336K), 0.1719487 secs] 1742819K->839167K(4136064K), 0.1720543 secs] [Times: user=0.26 sys=0.02, real=0.18 secs] 
23764.884: [GC (Allocation Failure) 23764.884: [ParNew: 990336K->55005K(990336K), 0.1634435 secs] 1771263K->866171K(4136064K), 0.1635698 secs] [Times: user=0.23 sys=0.03, real=0.16 secs] 
23842.934: [GC (Allocation Failure) 23842.935: [ParNew: 987101K->40871K(990336K), 0.1356022 secs] 1798267K->882669K(4136064K), 0.1357987 secs] [Times: user=0.18 sys=0.04, real=0.13 secs] 
23960.853: [GC (Allocation Failure) 23960.853: [ParNew: 972967K->25072K(990336K), 0.0511496 secs] 1814765K->866869K(4136064K), 0.0512733 secs] [Times: user=0.09 sys=0.01, real=0.05 secs] 
24881.650: [GC (Allocation Failure) 24881.650: [ParNew: 957168K->58240K(990336K), 0.1534425 secs] 1798965K->911030K(4136064K), 0.1536160 secs] [Times: user=0.26 sys=0.01, real=0.16 secs] 
25689.219: [GC (Allocation Failure) 25689.219: [ParNew: 990336K->58240K(990336K), 0.1938509 secs] 1843126K->944464K(4136064K), 0.1939822 secs] [Times: user=0.28 sys=0.04, real=0.20 secs] 
26574.569: [GC (Allocation Failure) 26574.569: [ParNew: 990336K->58240K(990336K), 0.1558591 secs] 1876560K->968386K(4136064K), 0.1559712 secs] [Times: user=0.23 sys=0.03, real=0.16 secs] 
27362.783: [GC (Allocation Failure) 27362.783: [ParNew: 990336K->58240K(990336K), 0.1861489 secs] 1900482K->998618K(4136064K), 0.1862813 secs] [Times: user=0.28 sys=0.04, real=0.18 secs] 
28232.715: [GC (Allocation Failure) 28232.715: [ParNew: 990336K->58240K(990336K), 0.1712359 secs] 1930714K->1018527K(4136064K), 0.1714384 secs] [Times: user=0.26 sys=0.03, real=0.17 secs] 
29235.210: [GC (Allocation Failure) 29235.210: [ParNew: 990336K->58240K(990336K), 0.1705501 secs] 1950623K->1053660K(4136064K), 0.1706771 secs] [Times: user=0.25 sys=0.02, real=0.17 secs] 
30172.059: [GC (Allocation Failure) 30172.059: [ParNew: 990336K->58240K(990336K), 0.1822645 secs] 1985756K->1084963K(4136064K), 0.1824140 secs] [Times: user=0.29 sys=0.03, real=0.19 secs] 
31213.562: [GC (Allocation Failure) 31213.562: [ParNew: 990336K->58240K(990336K), 0.1576954 secs] 2017059K->1110484K(4136064K), 0.1578372 secs] [Times: user=0.23 sys=0.03, real=0.15 secs] 
32274.458: [GC (Allocation Failure) 32274.458: [ParNew: 990336K->58240K(990336K), 0.1560574 secs] 2042580K->1133068K(4136064K), 0.1561747 secs] [Times: user=0.25 sys=0.02, real=0.16 secs] 
33456.709: [GC (Allocation Failure) 33456.709: [ParNew: 990336K->58240K(990336K), 0.1708751 secs] 2065164K->1155512K(4136064K), 0.1709882 secs] [Times: user=0.25 sys=0.04, real=0.17 secs] 
34526.013: [GC (Allocation Failure) 34526.013: [ParNew: 990336K->58240K(990336K), 0.1751116 secs] 2087608K->1178663K(4136064K), 0.1752518 secs] [Times: user=0.26 sys=0.04, real=0.17 secs] 
35552.273: [GC (Allocation Failure) 35552.273: [ParNew: 990336K->58240K(990336K), 0.1777282 secs] 2110759K->1208790K(4136064K), 0.1778838 secs] [Times: user=0.28 sys=0.02, real=0.18 secs] 
36717.069: [GC (Allocation Failure) 36717.069: [ParNew: 990336K->58240K(990336K), 0.1810129 secs] 2140886K->1237630K(4136064K), 0.1811856 secs] [Times: user=0.26 sys=0.04, real=0.18 secs] 
37924.106: [GC (Allocation Failure) 37924.106: [ParNew: 990336K->58240K(990336K), 0.1710935 secs] 2169726K->1263073K(4136064K), 0.1712132 secs] [Times: user=0.24 sys=0.05, real=0.17 secs] 
39263.648: [GC (Allocation Failure) 39263.648: [ParNew: 990336K->58240K(990336K), 0.1744984 secs] 2195169K->1284084K(4136064K), 0.1746379 secs] [Times: user=0.26 sys=0.02, real=0.18 secs] 
40790.996: [GC (Allocation Failure) 40790.996: [ParNew: 990336K->58240K(990336K), 0.1846922 secs] 2216180K->1306754K(4136064K), 0.1848190 secs] [Times: user=0.26 sys=0.02, real=0.19 secs] 
42099.079: [GC (Allocation Failure) 42099.079: [ParNew: 990336K->58240K(990336K), 0.1881998 secs] 2238850K->1332506K(4136064K), 0.1883456 secs] [Times: user=0.27 sys=0.04, real=0.19 secs] 
43581.789: [GC (Allocation Failure) 43581.789: [ParNew: 990336K->58240K(990336K), 0.1537145 secs] 2264602K->1357087K(4136064K), 0.1538248 secs] [Times: user=0.23 sys=0.03, real=0.16 secs] 
45026.181: [GC (Allocation Failure) 45026.181: [ParNew: 990336K->58240K(990336K), 0.1814067 secs] 2289183K->1383579K(4136064K), 0.1815341 secs] [Times: user=0.26 sys=0.03, real=0.18 secs] 
46526.128: [GC (Allocation Failure) 46526.128: [ParNew: 990336K->58240K(990336K), 0.1765950 secs] 2315675K->1404370K(4136064K), 0.1767623 secs] [Times: user=0.25 sys=0.05, real=0.18 secs] 
48226.173: [GC (Allocation Failure) 48226.173: [ParNew: 990336K->58240K(990336K), 0.1576159 secs] 2336466K->1430019K(4136064K), 0.1577355 secs] [Times: user=0.25 sys=0.02, real=0.15 secs] 
50053.956: [GC (Allocation Failure) 50053.956: [ParNew: 990336K->58240K(990336K), 0.1604171 secs] 2362115K->1452026K(4136064K), 0.1605846 secs] [Times: user=0.25 sys=0.02, real=0.16 secs] 
52206.709: [GC (Allocation Failure) 52206.709: [ParNew: 990336K->58240K(990336K), 0.1819445 secs] 2384122K->1476703K(4136064K), 0.1821108 secs] [Times: user=0.27 sys=0.03, real=0.19 secs] 
54878.528: [GC (Allocation Failure) 54878.528: [ParNew: 990336K->56390K(990336K), 0.1628750 secs] 2408799K->1489729K(4136064K), 0.1630082 secs] [Times: user=0.24 sys=0.02, real=0.17 secs] 
57743.638: [GC (Allocation Failure) 57743.638: [ParNew: 988486K->58239K(990336K), 0.1656138 secs] 2421825K->1512755K(4136064K), 0.1657744 secs] [Times: user=0.24 sys=0.02, real=0.17 secs] 
61525.878: [GC (Allocation Failure) 61525.878: [ParNew: 990335K->47099K(990336K), 0.1284279 secs] 2444851K->1512881K(4136064K), 0.1286037 secs] [Times: user=0.18 sys=0.03, real=0.13 secs] 
66167.449: [GC (Allocation Failure) 66167.449: [ParNew: 979195K->43282K(990336K), 0.1169545 secs] 2444977K->1517408K(4136064K), 0.1170902 secs] [Times: user=0.18 sys=0.02, real=0.12 secs] 
70936.437: [GC (Allocation Failure) 70936.437: [ParNew: 975378K->52298K(990336K), 0.1237788 secs] 2449504K->1533291K(4136064K), 0.1239145 secs] [Times: user=0.19 sys=0.02, real=0.13 secs] 
74734.049: [GC (Allocation Failure) 74734.049: [ParNew: 984394K->52918K(990336K), 0.1164404 secs] 2465387K->1539763K(4136064K), 0.1165783 secs] [Times: user=0.17 sys=0.02, real=0.12 secs] 
77439.067: [GC (Allocation Failure) 77439.067: [ParNew: 985014K->58240K(990336K), 0.1402580 secs] 2471859K->1555756K(4136064K), 0.1403780 secs] [Times: user=0.21 sys=0.03, real=0.14 secs] 
79136.927: [GC (Allocation Failure) 79136.927: [ParNew: 990336K->58239K(990336K), 0.1580152 secs] 2487852K->1574010K(4136064K), 0.1581429 secs] [Times: user=0.22 sys=0.04, real=0.16 secs] 
80769.032: [GC (Allocation Failure) 80769.032: [ParNew: 990335K->58240K(990336K), 0.1789248 secs] 2506106K->1594324K(4136064K), 0.1790854 secs] [Times: user=0.25 sys=0.03, real=0.18 secs] 
82101.322: [GC (Allocation Failure) 82101.322: [ParNew: 990336K->58240K(990336K), 0.1709811 secs] 2526420K->1619376K(4136064K), 0.1711197 secs] [Times: user=0.25 sys=0.02, real=0.17 secs] 
83275.872: [GC (Allocation Failure) 83275.872: [ParNew: 990336K->58240K(990336K), 0.1635385 secs] 2551472K->1638852K(4136064K), 0.1636419 secs] [Times: user=0.25 sys=0.01, real=0.16 secs] 
84159.300: [GC (Allocation Failure) 84159.300: [ParNew: 990336K->58240K(990336K), 0.1811865 secs] 2570948K->1671235K(4136064K), 0.1812947 secs] [Times: user=0.25 sys=0.02, real=0.19 secs] 
Heap
 par new generation   total 990336K, used 970170K [0x00000006c0000000, 0x0000000700000000, 0x0000000700000000)
  eden space 932096K,  97% used [0x00000006c0000000, 0x00000006f7a8e9b0, 0x00000006f8e40000)
  from space 58240K, 100% used [0x00000006f8e40000, 0x00000006fc720000, 0x00000006fc720000)
  to   space 58240K,   0% used [0x00000006fc720000, 0x00000006fc720000, 0x0000000700000000)
 concurrent mark-sweep generation total 3145728K, used 1612995K [0x0000000700000000, 0x00000007c0000000, 0x00000007c0000000)
 Metaspace       used 62364K, capacity 66235K, committed 66508K, reserved 1107968K
  class space    used 6973K, capacity 7746K, committed 7800K, reserved 1048576K
