[0.009s][info][gc] Using G1
[0.330s][info][gc] GC(0) Pause Young (Normal) (G1 Evacuation Pause) 12M->1M(256M) 5.236ms
[0.438s][info][gc] GC(1) Pause Young (Normal) (G1 Evacuation Pause) 11M->2M(256M) 4.282ms
[0.894s][info][gc] GC(2) Pause Young (Normal) (G1 Evacuation Pause) 22M->4M(256M) 5.446ms
[1.006s][info][gc] GC(3) Pause Young (Concurrent Start) (Metadata GC Threshold) 11M->4M(256M) 11.402ms
[1.007s][info][gc] GC(4) Concurrent Cycle
[1.019s][info][gc] GC(4) Pause Remark 5M->5M(256M) 3.503ms
[1.027s][info][gc] GC(4) Pause Cleanup 6M->6M(256M) 0.091ms
[1.034s][info][gc] GC(4) Concurrent Cycle 27.735ms
[1.624s][info][gc] GC(5) Pause Young (Normal) (G1 Evacuation Pause) 47M->34M(310M) 24.656ms
[1.767s][info][gc] GC(6) Pause Young (Normal) (G1 Evacuation Pause) 64M->57M(310M) 57.285ms
[1.870s][info][gc] GC(7) Pause Young (Normal) (G1 Evacuation Pause) 85M->78M(310M) 52.105ms
[1.954s][info][gc] GC(8) Pause Young (Normal) (G1 Evacuation Pause) 108M->100M(310M) 46.350ms
[2.057s][info][gc] GC(9) Pause Young (Normal) (G1 Evacuation Pause) 134M->126M(721M) 62.211ms
[2.213s][info][gc] GC(10) Pause Young (Normal) (G1 Evacuation Pause) 165M->152M(721M) 47.934ms
[2.539s][info][gc] GC(11) Pause Young (Normal) (G1 Evacuation Pause) 198M->184M(721M) 66.084ms
[2.665s][info][gc] GC(12) Pause Young (Normal) (G1 Evacuation Pause) 238M->224M(721M) 71.697ms
[2.789s][info][gc] GC(13) Pause Young (Normal) (G1 Evacuation Pause) 284M->269M(1186M) 66.260ms
[3.147s][info][gc] GC(14) Pause Young (Normal) (G1 Evacuation Pause) 337M->314M(1186M) 62.421ms
[3.322s][info][gc] GC(15) Pause Young (Normal) (G1 Evacuation Pause) 393M->373M(1186M) 99.898ms
[3.682s][info][gc] GC(16) Pause Young (Normal) (G1 Evacuation Pause) 458M->431M(1186M) 101.248ms
[3.853s][info][gc] GC(17) Pause Young (Normal) (G1 Evacuation Pause) 506M->486M(1531M) 103.159ms
[4.293s][info][gc] GC(18) Pause Young (Normal) (G1 Evacuation Pause) 581M->551M(1531M) 117.397ms
[4.485s][info][gc] GC(19) Pause Young (Normal) (G1 Evacuation Pause) 636M->614M(1531M) 121.030ms
[4.907s][info][gc] GC(20) Pause Young (Normal) (G1 Evacuation Pause) 721M->688M(1531M) 122.243ms
[5.130s][info][gc] GC(21) Pause Young (Normal) (G1 Evacuation Pause) 795M->764M(1738M) 116.883ms
[5.612s][info][gc] GC(22) Pause Young (Normal) (G1 Evacuation Pause) 884M->850M(1738M) 160.543ms
[5.956s][info][gc] GC(23) Pause Young (Concurrent Start) (G1 Evacuation Pause) 974M->890M(1738M) 92.593ms
[5.957s][info][gc] GC(24) Concurrent Cycle
[6.125s][info][gc] GC(24) Pause Remark 984M->921M(1738M) 5.022ms
[6.236s][info][gc] GC(24) Pause Cleanup 964M->964M(1738M) 0.731ms
[6.275s][info][gc] GC(24) Concurrent Cycle 318.382ms
[6.640s][info][gc] GC(25) Pause Young (Prepare Mixed) (G1 Evacuation Pause) 1150M->856M(1738M) 77.298ms
[6.759s][info][gc] GC(26) Pause Young (Mixed) (G1 Evacuation Pause) 899M->795M(1862M) 83.372ms
[7.116s][info][gc] GC(27) Pause Young (Mixed) (G1 Evacuation Pause) 879M->760M(1862M) 84.140ms
[7.287s][info][gc] GC(28) Pause Young (Mixed) (G1 Evacuation Pause) 841M->724M(1862M) 90.402ms
[7.449s][info][gc] GC(29) Pause Young (Mixed) (G1 Evacuation Pause) 805M->603M(1862M) 84.486ms
[7.750s][info][gc] GC(30) Pause Young (Mixed) (G1 Evacuation Pause) 684M->487M(1915M) 88.686ms
[9.429s][info][gc] GC(31) Pause Young (Normal) (G1 Evacuation Pause) 1289M->573M(1915M) 157.849ms
[9.625s][info][gc] GC(32) Pause Young (Normal) (G1 Evacuation Pause) 635M->619M(1915M) 142.843ms
[10.957s][info][gc] GC(33) Pause Young (Normal) (G1 Evacuation Pause) 1370M->787M(1915M) 215.316ms
[11.148s][info][gc] GC(34) Pause Young (Normal) (G1 Evacuation Pause) 861M->748M(1967M) 88.602ms
[11.876s][info][gc] GC(35) Pause Young (Normal) (G1 Evacuation Pause) 1147M->784M(1967M) 55.037ms
[12.581s][info][gc] GC(36) Pause Young (Normal) (G1 Evacuation Pause) 1188M->830M(1967M) 101.883ms
[13.340s][info][gc] GC(37) Pause Young (Normal) (G1 Evacuation Pause) 1252M->908M(1967M) 147.435ms
[14.148s][info][gc] GC(38) Pause Young (Normal) (G1 Evacuation Pause) 1303M->892M(1984M) 60.338ms
[15.160s][info][gc] GC(39) Pause Young (Normal) (G1 Evacuation Pause) 1444M->924M(1984M) 92.172ms
[16.202s][info][gc] GC(40) Pause Young (Normal) (G1 Evacuation Pause) 1478M->963M(1984M) 152.411ms
[17.296s][info][gc] GC(41) Pause Young (Normal) (G1 Evacuation Pause) 1516M->1009M(1984M) 159.668ms
[17.811s][info][gc] GC(42) Pause Young (Concurrent Start) (G1 Humongous Allocation) 1210M->1063M(1996M) 164.885ms
[17.812s][info][gc] GC(43) Concurrent Cycle
[18.214s][info][gc] GC(43) Pause Remark 1235M->1104M(1996M) 5.029ms
[18.436s][info][gc] GC(43) Pause Cleanup 1241M->1241M(1996M) 0.944ms
[18.459s][info][gc] GC(43) Concurrent Cycle 646.988ms
[18.607s][info][gc] GC(44) Pause Young (Prepare Mixed) (G1 Evacuation Pause) 1265M->984M(1996M) 143.716ms
[18.855s][info][gc] GC(45) Pause Young (Mixed) (G1 Evacuation Pause) 1032M->771M(1996M) 65.352ms
[19.024s][info][gc] GC(46) Pause Young (Mixed) (G1 Evacuation Pause) 857M->639M(1996M) 97.265ms
[19.331s][info][gc] GC(47) Pause Young (Mixed) (G1 Evacuation Pause) 725M->535M(2007M) 102.009ms
[20.629s][info][gc] GC(48) Pause Young (Normal) (G1 Evacuation Pause) 1275M->599M(2007M) 97.707ms
[21.972s][info][gc] GC(49) Pause Young (Normal) (G1 Evacuation Pause) 1361M->659M(2007M) 179.177ms
[22.974s][info][gc] GC(50) Pause Young (Normal) (G1 Evacuation Pause) 1222M->583M(2007M) 46.411ms
[24.528s][info][gc] GC(51) Pause Young (Normal) (G1 Evacuation Pause) 1518M->633M(2007M) 92.745ms
[26.148s][info][gc] GC(52) Pause Young (Normal) (G1 Evacuation Pause) 1562M->692M(2016M) 150.750ms
[27.520s][info][gc] GC(53) Pause Young (Normal) (G1 Evacuation Pause) 1468M->638M(2016M) 83.018ms
[29.459s][info][gc] GC(54) Pause Young (Normal) (G1 Evacuation Pause) 1608M->714M(2016M) 129.495ms
[31.090s][info][gc] GC(55) Pause Young (Normal) (G1 Evacuation Pause) 1608M->742M(2016M) 149.701ms
[33.951s][info][gc] GC(56) Pause Young (Normal) (G1 Evacuation Pause) 1601M->810M(2020M) 168.770ms
[35.854s][info][gc] GC(57) Pause Young (Normal) (G1 Evacuation Pause) 1555M->749M(2020M) 141.964ms
[37.416s][info][gc] GC(58) Pause Young (Normal) (G1 Evacuation Pause) 1457M->820M(2020M) 136.022ms
[37.818s][info][gc] GC(59) Pause Young (Normal) (G1 Evacuation Pause) 968M->821M(2020M) 99.865ms
[38.429s][info][gc] GC(60) Pause Young (Normal) (G1 Evacuation Pause) 1069M->822M(2020M) 109.042ms
[38.718s][info][gc] GC(61) Pause Young (Normal) (G1 Evacuation Pause) 921M->822M(2020M) 90.065ms
[38.999s][info][gc] GC(62) Pause Young (Normal) (G1 Evacuation Pause) 921M->822M(2020M) 77.799ms
[39.528s][info][gc] GC(63) Pause Young (Normal) (G1 Evacuation Pause) 920M->875M(2020M) 102.550ms
[39.720s][info][gc] GC(64) Pause Young (Normal) (G1 Evacuation Pause) 973M->944M(2022M) 108.281ms
[39.966s][info][gc] GC(65) Pause Young (Concurrent Start) (G1 Evacuation Pause) 1031M->945M(2022M) 73.406ms
[39.966s][info][gc] GC(66) Concurrent Cycle
[40.248s][info][gc] GC(67) Pause Young (Normal) (G1 Evacuation Pause) 1045M->945M(2022M) 25.142ms
[40.574s][info][gc] GC(68) Pause Young (Normal) (G1 Evacuation Pause) 1074M->945M(2022M) 28.659ms
[40.743s][info][gc] GC(66) Pause Remark 1011M->824M(2022M) 4.139ms
[40.984s][info][gc] GC(69) Pause Young (Normal) (G1 Evacuation Pause) 918M->759M(2022M) 39.615ms
[41.195s][info][gc] GC(66) Pause Cleanup 844M->844M(2022M) 0.881ms
[41.203s][info][gc] GC(66) Concurrent Cycle 1236.718ms
[41.284s][info][gc] GC(70) Pause Young (Prepare Mixed) (G1 Evacuation Pause) 858M->759M(2022M) 58.772ms
[41.583s][info][gc] GC(71) Pause Young (Mixed) (G1 Evacuation Pause) 857M->560M(2025M) 97.770ms
[41.881s][info][gc] GC(72) Pause Young (Mixed) (G1 Evacuation Pause) 658M->528M(2025M) 89.332ms
[42.193s][info][gc] GC(73) Pause Young (Normal) (G1 Evacuation Pause) 626M->529M(2025M) 92.839ms
[42.497s][info][gc] GC(74) Pause Young (Normal) (G1 Evacuation Pause) 626M->529M(2025M) 106.378ms
[42.826s][info][gc] GC(75) Pause Young (Normal) (G1 Evacuation Pause) 626M->529M(2034M) 101.621ms
[43.232s][info][gc] GC(76) Pause Young (Normal) (G1 Evacuation Pause) 666M->530M(2034M) 107.950ms
[43.862s][info][gc] GC(77) Pause Young (Normal) (G1 Evacuation Pause) 626M->567M(2034M) 137.284ms
[44.102s][info][gc] GC(78) Pause Young (Normal) (G1 Evacuation Pause) 670M->643M(2034M) 147.336ms
[44.328s][info][gc] GC(79) Pause Young (Normal) (G1 Evacuation Pause) 729M->654M(2040M) 64.807ms
[44.593s][info][gc] GC(80) Pause Young (Normal) (G1 Evacuation Pause) 745M->655M(2040M) 18.884ms
[44.811s][info][gc] GC(81) Pause Young (Normal) (G1 Evacuation Pause) 756M->655M(2040M) 12.419ms
[45.094s][info][gc] GC(82) Pause Young (Normal) (G1 Evacuation Pause) 780M->655M(2040M) 28.356ms
[45.456s][info][gc] GC(83) Pause Young (Normal) (G1 Evacuation Pause) 803M->655M(2040M) 63.190ms
[45.851s][info][gc] GC(84) Pause Young (Normal) (G1 Evacuation Pause) 810M->656M(2040M) 70.879ms
[46.154s][info][gc] GC(85) Pause Young (Normal) (G1 Evacuation Pause) 763M->656M(2042M) 73.390ms
[46.472s][info][gc] GC(86) Pause Young (Normal) (G1 Evacuation Pause) 762M->656M(2042M) 80.962ms
[46.792s][info][gc] GC(87) Pause Young (Normal) (G1 Evacuation Pause) 761M->657M(2042M) 83.865ms
[47.117s][info][gc] GC(88) Pause Young (Normal) (G1 Evacuation Pause) 763M->657M(2042M) 78.816ms
[47.433s][info][gc] GC(89) Pause Young (Normal) (G1 Evacuation Pause) 763M->658M(2044M) 80.543ms
[48.057s][info][gc] GC(90) Pause Young (Normal) (G1 Evacuation Pause) 767M->704M(2044M) 135.546ms
[48.347s][info][gc] GC(91) Pause Young (Normal) (G1 Evacuation Pause) 814M->781M(2044M) 150.644ms
[48.598s][info][gc] GC(92) Pause Young (Normal) (G1 Evacuation Pause) 881M->782M(2044M) 44.557ms
[48.893s][info][gc] GC(93) Pause Young (Normal) (G1 Evacuation Pause) 919M->782M(2046M) 16.535ms
[49.250s][info][gc] GC(94) Pause Young (Normal) (G1 Evacuation Pause) 942M->782M(2046M) 24.992ms
[49.717s][info][gc] GC(95) Pause Young (Normal) (G1 Evacuation Pause) 958M->783M(2046M) 46.100ms
[50.140s][info][gc] GC(96) Pause Young (Normal) (G1 Evacuation Pause) 953M->784M(2046M) 66.451ms
[50.569s][info][gc] GC(97) Pause Young (Normal) (G1 Evacuation Pause) 956M->784M(2046M) 61.964ms
[51.023s][info][gc] GC(98) Pause Young (Normal) (G1 Evacuation Pause) 956M->785M(2046M) 79.918ms
[51.504s][info][gc] GC(99) Pause Young (Normal) (G1 Evacuation Pause) 957M->786M(2047M) 85.306ms
[52.220s][info][gc] GC(100) Pause Young (Normal) (G1 Evacuation Pause) 958M->900M(2047M) 207.071ms
[52.592s][info][gc] GC(101) Pause Young (Normal) (G1 Evacuation Pause) 1028M->910M(2047M) 89.372ms
[52.891s][info][gc] GC(102) Pause Young (Normal) (G1 Evacuation Pause) 1043M->910M(2047M) 24.913ms
[53.292s][info][gc] GC(103) Pause Young (Normal) (G1 Evacuation Pause) 1084M->910M(2047M) 34.330ms
[53.792s][info][gc] GC(104) Pause Young (Normal) (G1 Evacuation Pause) 1125M->911M(2048M) 46.597ms
[54.379s][info][gc] GC(105) Pause Young (Normal) (G1 Evacuation Pause) 1155M->912M(2048M) 57.427ms
[54.929s][info][gc] GC(106) Pause Young (Normal) (G1 Evacuation Pause) 1137M->913M(2048M) 68.932ms
[55.792s][info][gc] GC(107) Pause Young (Normal) (G1 Evacuation Pause) 1145M->980M(2048M) 145.873ms
[56.230s][info][gc] GC(108) Pause Young (Normal) (G1 Evacuation Pause) 1151M->1032M(2048M) 142.103ms
[56.826s][info][gc] GC(109) Pause Young (Normal) (G1 Evacuation Pause) 1250M->1034M(2048M) 63.325ms
[57.469s][info][gc] GC(110) Pause Young (Normal) (G1 Evacuation Pause) 1296M->1035M(2048M) 31.111ms
[58.152s][info][gc] GC(111) Pause Young (Normal) (G1 Evacuation Pause) 1303M->1035M(2048M) 93.415ms
[58.755s][info][gc] GC(112) Pause Young (Normal) (G1 Evacuation Pause) 1258M->1036M(2048M) 97.191ms
[59.522s][info][gc] GC(113) Pause Young (Normal) (G1 Evacuation Pause) 1234M->1131M(2048M) 185.135ms
[59.885s][info][gc] GC(114) Pause Young (Normal) (G1 Evacuation Pause) 1254M->1156M(2048M) 96.621ms
[60.252s][info][gc] GC(115) Pause Young (Normal) (G1 Evacuation Pause) 1282M->1157M(2048M) 76.713ms
[60.649s][info][gc] GC(116) Pause Young (Normal) (G1 Evacuation Pause) 1323M->1158M(2048M) 24.924ms
[61.127s][info][gc] GC(117) Pause Young (Normal) (G1 Evacuation Pause) 1354M->1158M(2048M) 34.958ms
[61.649s][info][gc] GC(118) Pause Young (Normal) (G1 Evacuation Pause) 1374M->1159M(2048M) 47.075ms
[62.175s][info][gc] GC(119) Pause Young (Normal) (G1 Evacuation Pause) 1355M->1159M(2048M) 82.557ms
[63.006s][info][gc] GC(120) Pause Young (Normal) (G1 Evacuation Pause) 1346M->1172M(2048M) 109.464ms
[63.520s][info][gc] GC(121) Pause Young (Normal) (G1 Evacuation Pause) 1394M->1284M(2048M) 202.432ms
[63.974s][info][gc] GC(122) Pause Young (Normal) (G1 Evacuation Pause) 1466M->1286M(2048M) 45.964ms
[64.525s][info][gc] GC(123) Pause Young (Normal) (G1 Evacuation Pause) 1519M->1287M(2048M) 28.279ms
[65.154s][info][gc] GC(124) Pause Young (Normal) (G1 Evacuation Pause) 1541M->1287M(2048M) 39.436ms
[65.761s][info][gc] GC(125) Pause Young (Normal) (G1 Evacuation Pause) 1525M->1288M(2048M) 52.382ms
[66.386s][info][gc] GC(126) Pause Young (Normal) (G1 Evacuation Pause) 1521M->1289M(2048M) 67.636ms
[67.201s][info][gc] GC(127) Pause Young (Normal) (G1 Evacuation Pause) 1523M->1413M(2048M) 183.323ms
[67.693s][info][gc] GC(128) Pause Young (Concurrent Start) (G1 Evacuation Pause) 1591M->1415M(2048M) 63.917ms
[67.693s][info][gc] GC(129) Concurrent Cycle
[68.270s][info][gc] GC(130) Pause Young (Normal) (G1 Evacuation Pause) 1593M->1416M(2048M) 41.358ms
[68.466s][info][gc] GC(129) Pause Remark 1493M->622M(2048M) 4.647ms
[68.839s][info][gc] GC(131) Pause Young (Normal) (G1 Evacuation Pause) 756M->545M(2048M) 53.069ms
[68.958s][info][gc] GC(129) Pause Cleanup 589M->589M(2048M) 0.736ms
[68.965s][info][gc] GC(129) Concurrent Cycle 1271.581ms
[69.468s][info][gc] GC(132) Pause Young (Prepare Mixed) (G1 Evacuation Pause) 787M->546M(2048M) 59.745ms
[69.782s][info][gc] GC(133) Pause Young (Mixed) (G1 Evacuation Pause) 644M->534M(2048M) 66.584ms
[70.345s][info][gc] GC(134) Pause Young (Normal) (G1 Evacuation Pause) 736M->535M(2048M) 81.803ms
[71.274s][info][gc] GC(135) Pause Young (Normal) (G1 Evacuation Pause) 721M->586M(2048M) 142.373ms
[71.776s][info][gc] GC(136) Pause Young (Normal) (G1 Evacuation Pause) 781M->660M(2048M) 168.045ms
[72.242s][info][gc] GC(137) Pause Young (Normal) (G1 Evacuation Pause) 818M->662M(2048M) 95.948ms
[72.729s][info][gc] GC(138) Pause Young (Normal) (G1 Evacuation Pause) 860M->663M(2048M) 25.842ms
[73.379s][info][gc] GC(139) Pause Young (Normal) (G1 Evacuation Pause) 888M->663M(2048M) 123.998ms
[74.017s][info][gc] GC(140) Pause Young (Normal) (G1 Evacuation Pause) 880M->664M(2048M) 124.645ms
[74.523s][info][gc] GC(141) Pause Young (Normal) (G1 Evacuation Pause) 807M->664M(2048M) 138.833ms
[74.875s][info][gc] GC(142) Pause Young (Normal) (G1 Evacuation Pause) 762M->664M(2048M) 108.368ms
[75.248s][info][gc] GC(143) Pause Young (Normal) (G1 Evacuation Pause) 763M->665M(2048M) 113.361ms
[75.890s][info][gc] GC(144) Pause Young (Normal) (G1 Evacuation Pause) 762M->714M(2048M) 147.675ms
[76.174s][info][gc] GC(145) Pause Young (Normal) (G1 Evacuation Pause) 827M->790M(2048M) 139.333ms
[76.431s][info][gc] GC(146) Pause Young (Normal) (G1 Evacuation Pause) 876M->792M(2048M) 52.545ms
[76.703s][info][gc] GC(147) Pause Young (Normal) (G1 Evacuation Pause) 900M->792M(2048M) 16.785ms
[77.046s][info][gc] GC(148) Pause Young (Normal) (G1 Evacuation Pause) 931M->792M(2048M) 21.292ms
[77.462s][info][gc] GC(149) Pause Young (Normal) (G1 Evacuation Pause) 952M->792M(2048M) 31.335ms
[77.984s][info][gc] GC(150) Pause Young (Normal) (G1 Evacuation Pause) 970M->793M(2048M) 101.627ms
[78.416s][info][gc] GC(151) Pause Young (Normal) (G1 Evacuation Pause) 940M->794M(2048M) 98.026ms
[78.868s][info][gc] GC(152) Pause Young (Normal) (G1 Evacuation Pause) 938M->794M(2048M) 101.734ms
[79.320s][info][gc] GC(153) Pause Young (Normal) (G1 Evacuation Pause) 934M->795M(2048M) 97.699ms
[79.760s][info][gc] GC(154) Pause Young (Normal) (G1 Evacuation Pause) 923M->795M(2048M) 102.931ms
[80.443s][info][gc] GC(155) Pause Young (Normal) (G1 Evacuation Pause) 919M->871M(2048M) 169.518ms
[80.805s][info][gc] GC(156) Pause Young (Normal) (G1 Evacuation Pause) 995M->921M(2048M) 132.426ms
[81.063s][info][gc] GC(157) Pause Young (Normal) (G1 Evacuation Pause) 1010M->923M(2048M) 50.754ms
[81.382s][info][gc] GC(158) Pause Young (Normal) (G1 Evacuation Pause) 1054M->922M(2048M) 17.738ms
[81.746s][info][gc] GC(159) Pause Young (Normal) (G1 Evacuation Pause) 1071M->923M(2048M) 25.050ms
[82.172s][info][gc] GC(160) Pause Young (Normal) (G1 Evacuation Pause) 1092M->924M(2048M) 33.087ms
[82.676s][info][gc] GC(161) Pause Young (Normal) (G1 Evacuation Pause) 1108M->924M(2048M) 58.930ms
[83.195s][info][gc] GC(162) Pause Young (Normal) (G1 Evacuation Pause) 1097M->925M(2048M) 104.337ms
[83.696s][info][gc] GC(163) Pause Young (Normal) (G1 Evacuation Pause) 1084M->926M(2048M) 107.941ms
[84.144s][info][gc] GC(164) Pause Young (Normal) (G1 Evacuation Pause) 1074M->926M(2048M) 112.777ms
[84.763s][info][gc] GC(165) Pause Young (Normal) (G1 Evacuation Pause) 1063M->1022M(2048M) 183.688ms
[85.106s][info][gc] GC(166) Pause Young (Normal) (G1 Evacuation Pause) 1131M->1053M(2048M) 102.785ms
[85.379s][info][gc] GC(167) Pause Young (Normal) (G1 Evacuation Pause) 1151M->1054M(2048M) 50.051ms
[85.708s][info][gc] GC(168) Pause Young (Normal) (G1 Evacuation Pause) 1190M->1054M(2048M) 15.260ms
[86.120s][info][gc] GC(169) Pause Young (Normal) (G1 Evacuation Pause) 1222M->1054M(2048M) 27.023ms
[86.571s][info][gc] GC(170) Pause Young (Normal) (G1 Evacuation Pause) 1237M->1055M(2048M) 35.208ms
[87.035s][info][gc] GC(171) Pause Young (Normal) (G1 Evacuation Pause) 1236M->1055M(2048M) 47.630ms
[87.556s][info][gc] GC(172) Pause Young (Normal) (G1 Evacuation Pause) 1243M->1056M(2048M) 94.207ms
[88.094s][info][gc] GC(173) Pause Young (Normal) (G1 Evacuation Pause) 1226M->1057M(2048M) 111.974ms
[88.848s][info][gc] GC(174) Pause Young (Normal) (G1 Evacuation Pause) 1204M->1111M(2048M) 162.944ms
[89.263s][info][gc] GC(175) Pause Young (Normal) (G1 Evacuation Pause) 1287M->1182M(2048M) 157.706ms
[89.573s][info][gc] GC(176) Pause Young (Normal) (G1 Evacuation Pause) 1298M->1184M(2048M) 46.140ms
[89.969s][info][gc] GC(177) Pause Young (Normal) (G1 Evacuation Pause) 1349M->1184M(2048M) 20.850ms
[90.453s][info][gc] GC(178) Pause Young (Normal) (G1 Evacuation Pause) 1378M->1184M(2048M) 35.318ms
[91.046s][info][gc] GC(179) Pause Young (Normal) (G1 Evacuation Pause) 1396M->1185M(2048M) 106.916ms
[91.550s][info][gc] GC(180) Pause Young (Normal) (G1 Evacuation Pause) 1359M->1186M(2048M) 91.533ms
[92.112s][info][gc] GC(181) Pause Young (Normal) (G1 Evacuation Pause) 1351M->1187M(2048M) 90.968ms
[92.581s][info][gc] GC(182) Pause Young (Normal) (G1 Evacuation Pause) 1348M->1187M(2048M) 101.123ms
[93.246s][info][gc] GC(183) Pause Young (Normal) (G1 Evacuation Pause) 1347M->1305M(2048M) 200.406ms
[93.627s][info][gc] GC(184) Pause Young (Normal) (G1 Evacuation Pause) 1423M->1314M(2048M) 85.479ms
[93.953s][info][gc] GC(185) Pause Young (Normal) (G1 Evacuation Pause) 1442M->1315M(2048M) 28.070ms
[94.353s][info][gc] GC(186) Pause Young (Normal) (G1 Evacuation Pause) 1476M->1315M(2048M) 31.273ms
[94.880s][info][gc] GC(187) Pause Young (Normal) (G1 Evacuation Pause) 1521M->1316M(2048M) 45.910ms
[95.526s][info][gc] GC(188) Pause Young (Normal) (G1 Evacuation Pause) 1568M->1316M(2048M) 56.191ms
[96.129s][info][gc] GC(189) Pause Young (Normal) (G1 Evacuation Pause) 1539M->1317M(2048M) 71.694ms
[97.032s][info][gc] GC(190) Pause Young (Normal) (G1 Evacuation Pause) 1536M->1337M(2048M) 99.973ms
[97.556s][info][gc] GC(191) Pause Young (Normal) (G1 Evacuation Pause) 1561M->1442M(2048M) 189.191ms
[98.194s][info][gc] GC(192) Pause Young (Concurrent Start) (G1 Evacuation Pause) 1671M->1444M(2048M) 110.108ms
[98.194s][info][gc] GC(193) Concurrent Cycle
[98.954s][info][gc] GC(194) Pause Young (Normal) (G1 Evacuation Pause) 1661M->1445M(2048M) 95.197ms
[99.132s][info][gc] GC(193) Pause Remark 1498M->597M(2048M) 4.684ms
[99.655s][info][gc] GC(193) Pause Cleanup 741M->741M(2048M) 0.728ms
[99.663s][info][gc] GC(193) Concurrent Cycle 1469.565ms
[99.795s][info][gc] GC(195) Pause Young (Prepare Mixed) (G1 Evacuation Pause) 769M->544M(2048M) 75.611ms
[100.101s][info][gc] GC(196) Pause Young (Mixed) (G1 Evacuation Pause) 643M->533M(2048M) 76.756ms
[100.670s][info][gc] GC(197) Pause Young (Normal) (G1 Evacuation Pause) 744M->534M(2048M) 81.596ms
[101.203s][info][gc] GC(198) Pause Young (Normal) (G1 Evacuation Pause) 715M->534M(2048M) 86.564ms
[101.949s][info][gc] GC(199) Pause Young (Normal) (G1 Evacuation Pause) 715M->649M(2048M) 201.723ms
[102.361s][info][gc] GC(200) Pause Young (Normal) (G1 Evacuation Pause) 772M->661M(2048M) 102.412ms
[102.708s][info][gc] GC(201) Pause Young (Normal) (G1 Evacuation Pause) 794M->662M(2048M) 48.691ms
[103.190s][info][gc] GC(202) Pause Young (Normal) (G1 Evacuation Pause) 862M->662M(2048M) 22.640ms
[103.772s][info][gc] GC(203) Pause Young (Normal) (G1 Evacuation Pause) 898M->663M(2048M) 36.332ms
[104.405s][info][gc] GC(204) Pause Young (Normal) (G1 Evacuation Pause) 916M->664M(2048M) 47.952ms
[104.992s][info][gc] GC(205) Pause Young (Normal) (G1 Evacuation Pause) 887M->665M(2048M) 59.874ms
[105.885s][info][gc] GC(206) Pause Young (Normal) (G1 Evacuation Pause) 894M->738M(2048M) 176.049ms
[106.334s][info][gc] GC(207) Pause Young (Normal) (G1 Evacuation Pause) 897M->791M(2048M) 146.233ms
[106.775s][info][gc] GC(208) Pause Young (Normal) (G1 Evacuation Pause) 941M->793M(2048M) 94.109ms
[107.278s][info][gc] GC(209) Pause Young (Normal) (G1 Evacuation Pause) 980M->794M(2048M) 22.601ms
[107.814s][info][gc] GC(210) Pause Young (Normal) (G1 Evacuation Pause) 1014M->794M(2048M) 31.816ms
[108.406s][info][gc] GC(211) Pause Young (Normal) (G1 Evacuation Pause) 1008M->795M(2048M) 110.506ms
[108.974s][info][gc] GC(212) Pause Young (Normal) (G1 Evacuation Pause) 989M->795M(2048M) 109.158ms
[109.493s][info][gc] GC(213) Pause Young (Normal) (G1 Evacuation Pause) 960M->796M(2048M) 122.901ms
[110.268s][info][gc] GC(214) Pause Young (Normal) (G1 Evacuation Pause) 942M->851M(2048M) 162.396ms
[110.631s][info][gc] GC(215) Pause Young (Normal) (G1 Evacuation Pause) 1005M->925M(2048M) 148.764ms
[110.900s][info][gc] GC(216) Pause Young (Normal) (G1 Evacuation Pause) 1010M->926M(2048M) 79.455ms
[111.203s][info][gc] GC(217) Pause Young (Normal) (G1 Evacuation Pause) 1051M->926M(2048M) 15.670ms
[111.584s][info][gc] GC(218) Pause Young (Normal) (G1 Evacuation Pause) 1084M->927M(2048M) 23.855ms
[112.054s][info][gc] GC(219) Pause Young (Normal) (G1 Evacuation Pause) 1107M->927M(2048M) 49.812ms
[112.521s][info][gc] GC(220) Pause Young (Normal) (G1 Evacuation Pause) 1103M->928M(2048M) 74.042ms
[112.988s][info][gc] GC(221) Pause Young (Normal) (G1 Evacuation Pause) 1102M->929M(2048M) 78.744ms
[113.476s][info][gc] GC(222) Pause Young (Normal) (G1 Evacuation Pause) 1096M->930M(2048M) 88.814ms
[114.273s][info][gc] GC(223) Pause Young (Normal) (G1 Evacuation Pause) 1097M->951M(2048M) 115.749ms
[114.761s][info][gc] GC(224) Pause Young (Normal) (G1 Evacuation Pause) 1160M->1059M(2048M) 189.115ms
[115.100s][info][gc] GC(225) Pause Young (Normal) (G1 Evacuation Pause) 1190M->1060M(2048M) 49.339ms
[115.540s][info][gc] GC(226) Pause Young (Normal) (G1 Evacuation Pause) 1240M->1061M(2048M) 40.628ms
[116.058s][info][gc] GC(227) Pause Young (Normal) (G1 Evacuation Pause) 1268M->1062M(2048M) 60.151ms
[116.624s][info][gc] GC(228) Pause Young (Normal) (G1 Evacuation Pause) 1282M->1062M(2048M) 62.630ms
[117.153s][info][gc] GC(229) Pause Young (Normal) (G1 Evacuation Pause) 1251M->1063M(2048M) 85.534ms
[117.679s][info][gc] GC(230) Pause Young (Normal) (G1 Evacuation Pause) 1245M->1064M(2048M) 92.305ms
[118.416s][info][gc] GC(231) Pause Young (Normal) (G1 Evacuation Pause) 1226M->1153M(2048M) 183.841ms
[118.801s][info][gc] GC(232) Pause Young (Normal) (G1 Evacuation Pause) 1289M->1194M(2048M) 120.031ms
[119.110s][info][gc] GC(233) Pause Young (Normal) (G1 Evacuation Pause) 1319M->1195M(2048M) 33.467ms
[119.523s][info][gc] GC(234) Pause Young (Normal) (G1 Evacuation Pause) 1371M->1196M(2048M) 21.821ms
[120.009s][info][gc] GC(235) Pause Young (Normal) (G1 Evacuation Pause) 1402M->1196M(2048M) 33.730ms
[120.537s][info][gc] GC(236) Pause Young (Normal) (G1 Evacuation Pause) 1414M->1197M(2048M) 44.665ms
[121.071s][info][gc] GC(237) Pause Young (Normal) (G1 Evacuation Pause) 1392M->1198M(2048M) 81.793ms
[121.587s][info][gc] GC(238) Pause Young (Normal) (G1 Evacuation Pause) 1383M->1199M(2048M) 87.521ms
[122.292s][info][gc] GC(239) Pause Young (Normal) (G1 Evacuation Pause) 1375M->1310M(2048M) 203.916ms
[122.693s][info][gc] GC(240) Pause Young (Normal) (G1 Evacuation Pause) 1441M->1328M(2048M) 97.826ms
[123.030s][info][gc] GC(241) Pause Young (Normal) (G1 Evacuation Pause) 1458M->1329M(2048M) 38.665ms
[123.578s][info][gc] GC(242) Pause Young (Normal) (G1 Evacuation Pause) 1515M->1329M(2048M) 22.431ms
[124.114s][info][gc] GC(243) Pause Young (Normal) (G1 Evacuation Pause) 1552M->1330M(2048M) 36.144ms
[124.707s][info][gc] GC(244) Pause Young (Normal) (G1 Evacuation Pause) 1569M->1331M(2048M) 47.476ms
[125.245s][info][gc] GC(245) Pause Young (Normal) (G1 Evacuation Pause) 1537M->1332M(2048M) 69.535ms
[126.141s][info][gc] GC(246) Pause Young (Normal) (G1 Evacuation Pause) 1537M->1379M(2048M) 149.781ms
[126.612s][info][gc] GC(247) Pause Young (Normal) (G1 Evacuation Pause) 1580M->1457M(2048M) 158.112ms
[127.059s][info][gc] GC(248) Pause Young (Concurrent Start) (G1 Evacuation Pause) 1629M->1459M(2048M) 60.211ms
[127.059s][info][gc] GC(249) Concurrent Cycle
[127.613s][info][gc] GC(250) Pause Young (Normal) (G1 Evacuation Pause) 1657M->1459M(2048M) 29.095ms
[127.811s][info][gc] GC(249) Pause Remark 1515M->594M(2048M) 5.479ms
[128.364s][info][gc] GC(251) Pause Young (Normal) (G1 Evacuation Pause) 760M->539M(2048M) 90.752ms
[128.492s][info][gc] GC(249) Pause Cleanup 564M->564M(2048M) 0.771ms
[128.498s][info][gc] GC(249) Concurrent Cycle 1438.413ms
[129.045s][info][gc] GC(252) Pause Young (Prepare Mixed) (G1 Evacuation Pause) 765M->539M(2048M) 93.403ms
[129.372s][info][gc] GC(253) Pause Young (Mixed) (G1 Evacuation Pause) 637M->533M(2048M) 78.637ms
[129.842s][info][gc] GC(254) Pause Young (Normal) (G1 Evacuation Pause) 679M->533M(2048M) 89.445ms
[130.655s][info][gc] GC(255) Pause Young (Normal) (G1 Evacuation Pause) 665M->575M(2048M) 144.471ms
[131.057s][info][gc] GC(256) Pause Young (Normal) (G1 Evacuation Pause) 728M->659M(2048M) 162.730ms
[131.351s][info][gc] GC(257) Pause Young (Normal) (G1 Evacuation Pause) 748M->660M(2048M) 57.127ms
[131.699s][info][gc] GC(258) Pause Young (Normal) (G1 Evacuation Pause) 798M->660M(2048M) 17.363ms
[132.106s][info][gc] GC(259) Pause Young (Normal) (G1 Evacuation Pause) 822M->661M(2048M) 34.439ms
[132.563s][info][gc] GC(260) Pause Young (Normal) (G1 Evacuation Pause) 838M->661M(2048M) 53.363ms
[133.011s][info][gc] GC(261) Pause Young (Normal) (G1 Evacuation Pause) 832M->662M(2048M) 58.989ms
[133.493s][info][gc] GC(262) Pause Young (Normal) (G1 Evacuation Pause) 838M->663M(2048M) 74.680ms
[133.979s][info][gc] GC(263) Pause Young (Normal) (G1 Evacuation Pause) 836M->663M(2048M) 77.544ms
[134.849s][info][gc] GC(264) Pause Young (Normal) (G1 Evacuation Pause) 839M->716M(2048M) 176.758ms
[135.316s][info][gc] GC(265) Pause Young (Normal) (G1 Evacuation Pause) 895M->789M(2048M) 155.517ms
[135.675s][info][gc] GC(266) Pause Young (Normal) (G1 Evacuation Pause) 930M->790M(2048M) 39.342ms
[136.139s][info][gc] GC(267) Pause Young (Normal) (G1 Evacuation Pause) 982M->791M(2048M) 23.624ms
[136.708s][info][gc] GC(268) Pause Young (Normal) (G1 Evacuation Pause) 1011M->791M(2048M) 70.003ms
[137.286s][info][gc] GC(269) Pause Young (Normal) (G1 Evacuation Pause) 1016M->792M(2048M) 68.235ms
[138.004s][info][gc] GC(270) Pause Young (Normal) (G1 Evacuation Pause) 990M->793M(2048M) 75.479ms
[138.858s][info][gc] GC(271) Pause Young (Normal) (G1 Evacuation Pause) 985M->806M(2048M) 97.638ms
[139.362s][info][gc] GC(272) Pause Young (Normal) (G1 Evacuation Pause) 1018M->918M(2048M) 192.960ms
[139.824s][info][gc] GC(273) Pause Young (Normal) (G1 Evacuation Pause) 1097M->920M(2048M) 45.294ms
[140.380s][info][gc] GC(274) Pause Young (Normal) (G1 Evacuation Pause) 1147M->921M(2048M) 24.367ms
[140.972s][info][gc] GC(275) Pause Young (Normal) (G1 Evacuation Pause) 1164M->921M(2048M) 37.362ms
[141.639s][info][gc] GC(276) Pause Young (Normal) (G1 Evacuation Pause) 1175M->922M(2048M) 52.498ms
[142.265s][info][gc] GC(277) Pause Young (Normal) (G1 Evacuation Pause) 1149M->923M(2048M) 66.552ms
[143.111s][info][gc] GC(278) Pause Young (Normal) (G1 Evacuation Pause) 1149M->1047M(2048M) 200.244ms
[143.542s][info][gc] GC(279) Pause Young (Normal) (G1 Evacuation Pause) 1207M->1049M(2048M) 60.853ms
[144.050s][info][gc] GC(280) Pause Young (Normal) (G1 Evacuation Pause) 1259M->1049M(2048M) 29.909ms
[144.668s][info][gc] GC(281) Pause Young (Normal) (G1 Evacuation Pause) 1296M->1050M(2048M) 41.597ms
[145.338s][info][gc] GC(282) Pause Young (Normal) (G1 Evacuation Pause) 1309M->1050M(2048M) 57.287ms
[145.953s][info][gc] GC(283) Pause Young (Normal) (G1 Evacuation Pause) 1272M->1052M(2048M) 70.475ms
[146.813s][info][gc] GC(284) Pause Young (Normal) (G1 Evacuation Pause) 1269M->1121M(2048M) 151.911ms
[147.281s][info][gc] GC(285) Pause Young (Normal) (G1 Evacuation Pause) 1291M->1177M(2048M) 142.267ms
[147.754s][info][gc] GC(286) Pause Young (Normal) (G1 Evacuation Pause) 1345M->1178M(2048M) 78.653ms
[148.263s][info][gc] GC(287) Pause Young (Normal) (G1 Evacuation Pause) 1388M->1179M(2048M) 30.692ms
[148.865s][info][gc] GC(288) Pause Young (Normal) (G1 Evacuation Pause) 1414M->1180M(2048M) 58.029ms
[149.534s][info][gc] GC(289) Pause Young (Normal) (G1 Evacuation Pause) 1417M->1180M(2048M) 101.023ms
[150.085s][info][gc] GC(290) Pause Young (Normal) (G1 Evacuation Pause) 1360M->1181M(2048M) 114.802ms
[150.868s][info][gc] GC(291) Pause Young (Normal) (G1 Evacuation Pause) 1336M->1214M(2048M) 146.097ms
[151.302s][info][gc] GC(292) Pause Young (Normal) (G1 Evacuation Pause) 1393M->1306M(2048M) 171.717ms
[151.618s][info][gc] GC(293) Pause Young (Normal) (G1 Evacuation Pause) 1412M->1308M(2048M) 72.639ms
[151.990s][info][gc] GC(294) Pause Young (Normal) (G1 Evacuation Pause) 1462M->1308M(2048M) 21.991ms
[152.486s][info][gc] GC(295) Pause Young (Normal) (G1 Evacuation Pause) 1496M->1308M(2048M) 68.504ms
[153.041s][info][gc] GC(296) Pause Young (Normal) (G1 Evacuation Pause) 1504M->1309M(2048M) 80.627ms
[153.525s][info][gc] GC(297) Pause Young (Normal) (G1 Evacuation Pause) 1480M->1310M(2048M) 76.913ms
[154.023s][info][gc] GC(298) Pause Young (Normal) (G1 Evacuation Pause) 1483M->1311M(2048M) 80.310ms
[154.516s][info][gc] GC(299) Pause Young (Normal) (G1 Evacuation Pause) 1476M->1311M(2048M) 82.943ms
[155.279s][info][gc] GC(300) Pause Young (Normal) (G1 Evacuation Pause) 1479M->1413M(2048M) 195.476ms
[155.668s][info][gc] GC(301) Pause Young (Normal) (G1 Evacuation Pause) 1539M->1437M(2048M) 104.929ms
[155.971s][info][gc] GC(302) Pause Young (Normal) (G1 Evacuation Pause) 1555M->1439M(2048M) 39.452ms
[156.364s][info][gc] GC(303) Pause Young (Normal) (G1 Evacuation Pause) 1603M->1439M(2048M) 20.935ms
[156.823s][info][gc] GC(304) Pause Young (Normal) (G1 Evacuation Pause) 1628M->1440M(2048M) 28.316ms
[157.332s][info][gc] GC(305) Pause Young (Normal) (G1 Evacuation Pause) 1649M->1440M(2048M) 40.113ms
[157.835s][info][gc] GC(306) Pause Young (Normal) (G1 Evacuation Pause) 1639M->1441M(2048M) 54.715ms
[158.408s][info][gc] GC(307) Pause Young (Concurrent Start) (G1 Evacuation Pause) 1640M->1442M(2048M) 93.882ms
[158.408s][info][gc] GC(308) Concurrent Cycle
[159.355s][info][gc] GC(309) Pause Young (Normal) (G1 Evacuation Pause) 1638M->1536M(2048M) 212.601ms
[159.483s][info][gc] GC(308) Pause Remark 1575M->672M(2048M) 20.661ms
[159.809s][info][gc] GC(310) Pause Young (Normal) (G1 Evacuation Pause) 763M->665M(2048M) 122.349ms
[160.267s][info][gc] GC(308) Pause Cleanup 763M->763M(2048M) 0.762ms
[160.273s][info][gc] GC(308) Concurrent Cycle 1864.666ms
[160.463s][info][gc] GC(311) Pause Young (Prepare Mixed) (G1 Evacuation Pause) 833M->666M(2048M) 37.341ms
[160.715s][info][gc] GC(312) Pause Young (Mixed) (G1 Evacuation Pause) 767M->663M(2048M) 19.977ms
[161.238s][info][gc] GC(313) Pause Young (Normal) (G1 Evacuation Pause) 880M->663M(2048M) 31.169ms
[161.806s][info][gc] GC(314) Pause Young (Normal) (G1 Evacuation Pause) 893M->664M(2048M) 44.815ms
[162.455s][info][gc] GC(315) Pause Young (Normal) (G1 Evacuation Pause) 910M->665M(2048M) 56.462ms
[163.329s][info][gc] GC(316) Pause Young (Normal) (G1 Evacuation Pause) 882M->685M(2048M) 84.275ms
[163.878s][info][gc] GC(317) Pause Young (Normal) (G1 Evacuation Pause) 909M->791M(2048M) 202.952ms
[164.377s][info][gc] GC(318) Pause Young (Normal) (G1 Evacuation Pause) 987M->793M(2048M) 45.521ms
[165.030s][info][gc] GC(319) Pause Young (Normal) (G1 Evacuation Pause) 1044M->794M(2048M) 78.708ms
[165.658s][info][gc] GC(320) Pause Young (Normal) (G1 Evacuation Pause) 1048M->794M(2048M) 43.064ms
[166.252s][info][gc] GC(321) Pause Young (Normal) (G1 Evacuation Pause) 1034M->795M(2048M) 55.757ms
[167.149s][info][gc] GC(322) Pause Young (Normal) (G1 Evacuation Pause) 1027M->804M(2048M) 75.021ms
[167.663s][info][gc] GC(323) Pause Young (Normal) (G1 Evacuation Pause) 1045M->920M(2048M) 193.583ms
[168.248s][info][gc] GC(324) Pause Young (Normal) (G1 Evacuation Pause) 1136M->922M(2048M) 71.987ms
[169.008s][info][gc] GC(325) Pause Young (Normal) (G1 Evacuation Pause) 1185M->923M(2048M) 48.383ms
[169.713s][info][gc] GC(326) Pause Young (Normal) (G1 Evacuation Pause) 1204M->923M(2048M) 55.341ms
[170.383s][info][gc] GC(327) Pause Young (Normal) (G1 Evacuation Pause) 1177M->924M(2048M) 72.777ms
[171.336s][info][gc] GC(328) Pause Young (Normal) (G1 Evacuation Pause) 1165M->989M(2048M) 145.263ms
[171.800s][info][gc] GC(329) Pause Young (Normal) (G1 Evacuation Pause) 1166M->1050M(2048M) 151.373ms
[172.311s][info][gc] GC(330) Pause Young (Normal) (G1 Evacuation Pause) 1223M->1052M(2048M) 120.374ms
[172.812s][info][gc] GC(331) Pause Young (Normal) (G1 Evacuation Pause) 1256M->1053M(2048M) 44.355ms
[173.377s][info][gc] GC(332) Pause Young (Normal) (G1 Evacuation Pause) 1275M->1053M(2048M) 65.111ms
[173.989s][info][gc] GC(333) Pause Young (Normal) (G1 Evacuation Pause) 1263M->1054M(2048M) 129.627ms
[174.519s][info][gc] GC(334) Pause Young (Normal) (G1 Evacuation Pause) 1234M->1055M(2048M) 124.340ms
[174.956s][info][gc] GC(335) Pause Young (Normal) (G1 Evacuation Pause) 1194M->1055M(2048M) 125.326ms
[175.587s][info][gc] GC(336) Pause Young (Normal) (G1 Evacuation Pause) 1152M->1087M(2048M) 128.905ms
[175.902s][info][gc] GC(337) Pause Young (Normal) (G1 Evacuation Pause) 1218M->1182M(2048M) 169.406ms
[176.141s][info][gc] GC(338) Pause Young (Normal) (G1 Evacuation Pause) 1274M->1183M(2048M) 23.987ms
[176.491s][info][gc] GC(339) Pause Young (Normal) (G1 Evacuation Pause) 1329M->1183M(2048M) 16.418ms
[176.975s][info][gc] GC(340) Pause Young (Normal) (G1 Evacuation Pause) 1363M->1184M(2048M) 71.989ms
[177.497s][info][gc] GC(341) Pause Young (Normal) (G1 Evacuation Pause) 1370M->1184M(2048M) 95.926ms
[177.981s][info][gc] GC(342) Pause Young (Normal) (G1 Evacuation Pause) 1346M->1185M(2048M) 93.551ms
[178.452s][info][gc] GC(343) Pause Young (Normal) (G1 Evacuation Pause) 1334M->1186M(2048M) 113.084ms
[178.884s][info][gc] GC(344) Pause Young (Normal) (G1 Evacuation Pause) 1334M->1186M(2048M) 96.557ms
[179.284s][info][gc] GC(345) Pause Young (Normal) (G1 Evacuation Pause) 1316M->1187M(2048M) 106.747ms
[179.904s][info][gc] GC(346) Pause Young (Normal) (G1 Evacuation Pause) 1311M->1193M(2048M) 110.961ms
[180.231s][info][gc] GC(347) Pause Young (Normal) (G1 Evacuation Pause) 1319M->1286M(2048M) 180.367ms
[180.553s][info][gc] GC(348) Pause Young (Normal) (G1 Evacuation Pause) 1393M->1291M(2048M) 60.482ms
[180.908s][info][gc] GC(349) Pause Young (Normal) (G1 Evacuation Pause) 1438M->1292M(2048M) 18.188ms
[181.378s][info][gc] GC(350) Pause Young (Normal) (G1 Evacuation Pause) 1485M->1292M(2048M) 31.009ms
[181.989s][info][gc] GC(351) Pause Young (Normal) (G1 Evacuation Pause) 1534M->1293M(2048M) 44.679ms
[182.602s][info][gc] GC(352) Pause Young (Normal) (G1 Evacuation Pause) 1534M->1294M(2048M) 56.563ms
